// Jest Snapshot v1, https://jestjs.io/docs/snapshot-testing

exports[`FourKHDHub handle avengers: endgame 1`] = `[]`;

exports[`FourKHDHub handle crank 2006 1`] = `[]`;

exports[`FourKHDHub handle crayon shin-chan 1993 1`] = `[]`;

exports[`FourKHDHub handle crayon shin-chan 1998 1`] = `[]`;

exports[`FourKHDHub handle dark 2017 s01e02 1`] = `[]`;

exports[`FourKHDHub handle dexter original sin 2024 s01e01 1`] = `[]`;

exports[`FourKHDHub handle dexter resurrection 2025 s01e01 1`] = `[]`;

exports[`FourKHDHub handle dust bunny 1`] = `[]`;

exports[`FourKHDHub handle f1 1`] = `[]`;

exports[`FourKHDHub handle lovely runner 2024 s01e01 1`] = `[]`;

exports[`FourKHDHub handle non-existent devil's bath 2024 gracefully 1`] = `[]`;

exports[`FourKHDHub handle stranger things s05e08 1`] = `[]`;

exports[`FourKHDHub handle superman 2025 1`] = `[]`;

exports[`FourKHDHub handle the tank 1`] = `[]`;
